// Jest Snapshot v1, https://goo.gl/fbAQLP

exports[`HomeScreen Renders snapshot correctly 1`] = `
<View
  style={
    Object {
      "alignItems": "center",
      "backgroundColor": "#fff",
      "flex": 1,
      "justifyContent": "center",
    }
  }
>
  <Text>
    HOME SCREEN
  </Text>
</View>
`;

exports[`Renders correctly 1`] = `
<View
  style={
    Object {
      "alignItems": "center",
      "backgroundColor": "#fff",
      "flex": 1,
      "justifyContent": "center",
    }
  }
>
  <Text>
    HOME SCREEN
  </Text>
</View>
`;
